
> backend@1.0.0 test
> node --experimental-vm-modules node_modules/jest/bin/jest.js __tests__/controllers/ProductController.test.ts

  console.log
    [dotenv@17.2.3] injecting env (5) from .env -- tip: ≡ƒöæ add access controls to secrets: https://dotenvx.com/ops

      at _log (node_modules/dotenv/lib/main.js:142:11)

  console.log
    ≡ƒº¬ Test environment initialized

      at Object.<anonymous> (__tests__/setup.ts:9:13)

node.exe : (node:11032) ExperimentalWarning: VM Modules is an experimental feature and might change at any time
At C:\Program Files\nodejs\npm.ps1:29 char:3
+   & $NODE_EXE $NPM_CLI_JS $args
+   ~~~~~~~~~~~~~~~~~~~~~~~~~~~~~
    + CategoryInfo          : NotSpecified: ((node:11032) Ex...nge at any time:String) [], RemoteException
    + FullyQualifiedErrorId : NativeCommandError
 
(Use `node --trace-warnings ...` to show where the warning was created)
  console.log
    ≡ƒº¬ Test environment cleaned up

      at Object.<anonymous> (__tests__/setup.ts:14:13)

FAIL __tests__/controllers/ProductController.test.ts
  ΓùÅ ProductController ΓÇ║ postProduct (Creation) ΓÇ║ should allow a SELLER to create a valid product

    TypeError: Cannot read properties of undefined (reading 'create')

    [0m [90m 19 |[39m     beforeAll([36masync[39m () [33m=>[39m {
     [90m 20 |[39m         [90m// Create a seller[39m
    [31m[1m>[22m[39m[90m 21 |[39m         [36mconst[39m user [33m=[39m [36mawait[39m 
prisma[33m.[39muser[33m.[39mcreate({
     [90m    |[39m                                        [31m[1m^[22m[39m
     [90m 22 |[39m             data[33m:[39m {
     [90m 23 |[39m                 email[33m:[39m [32m`seller_test_${Date.now()}@example.com`[39m[33m,[39m
     [90m 24 |[39m                 password[33m:[39m [32m'hashedpassword'[39m[33m,[39m[0m

      at Object.<anonymous> (__tests__/controllers/ProductController.test.ts:21:40)

  ΓùÅ ProductController ΓÇ║ postProduct (Creation) ΓÇ║ should allow ADMIN to create product with AUTO ACTIVE status

    TypeError: Cannot read properties of undefined (reading 'create')

    [0m [90m 19 |[39m     beforeAll([36masync[39m () [33m=>[39m {
     [90m 20 |[39m         [90m// Create a seller[39m
    [31m[1m>[22m[39m[90m 21 |[39m         [36mconst[39m user [33m=[39m [36mawait[39m 
prisma[33m.[39muser[33m.[39mcreate({
     [90m    |[39m                                        [31m[1m^[22m[39m
     [90m 22 |[39m             data[33m:[39m {
     [90m 23 |[39m                 email[33m:[39m [32m`seller_test_${Date.now()}@example.com`[39m[33m,[39m
     [90m 24 |[39m                 password[33m:[39m [32m'hashedpassword'[39m[33m,[39m[0m

      at Object.<anonymous> (__tests__/controllers/ProductController.test.ts:21:40)

  ΓùÅ ProductController ΓÇ║ postProduct (Creation) ΓÇ║ should FAIL if basePrice is negative or zero

    TypeError: Cannot read properties of undefined (reading 'create')

    [0m [90m 19 |[39m     beforeAll([36masync[39m () [33m=>[39m {
     [90m 20 |[39m         [90m// Create a seller[39m
    [31m[1m>[22m[39m[90m 21 |[39m         [36mconst[39m user [33m=[39m [36mawait[39m 
prisma[33m.[39muser[33m.[39mcreate({
     [90m    |[39m                                        [31m[1m^[22m[39m
     [90m 22 |[39m             data[33m:[39m {
     [90m 23 |[39m                 email[33m:[39m [32m`seller_test_${Date.now()}@example.com`[39m[33m,[39m
     [90m 24 |[39m                 password[33m:[39m [32m'hashedpassword'[39m[33m,[39m[0m

      at Object.<anonymous> (__tests__/controllers/ProductController.test.ts:21:40)

  ΓùÅ ProductController ΓÇ║ postProduct (Creation) ΓÇ║ should FAIL if no categories provided

    TypeError: Cannot read properties of undefined (reading 'create')

    [0m [90m 19 |[39m     beforeAll([36masync[39m () [33m=>[39m {
     [90m 20 |[39m         [90m// Create a seller[39m
    [31m[1m>[22m[39m[90m 21 |[39m         [36mconst[39m user [33m=[39m [36mawait[39m 
prisma[33m.[39muser[33m.[39mcreate({
     [90m    |[39m                                        [31m[1m^[22m[39m
     [90m 22 |[39m             data[33m:[39m {
     [90m 23 |[39m                 email[33m:[39m [32m`seller_test_${Date.now()}@example.com`[39m[33m,[39m
     [90m 24 |[39m                 password[33m:[39m [32m'hashedpassword'[39m[33m,[39m[0m

      at Object.<anonymous> (__tests__/controllers/ProductController.test.ts:21:40)

  ΓùÅ ProductController ΓÇ║ getProducts (Public Access) ΓÇ║ should ONLY return ACTIVE products for public query

    TypeError: Cannot read properties of undefined (reading 'create')

    [0m [90m 19 |[39m     beforeAll([36masync[39m () [33m=>[39m {
     [90m 20 |[39m         [90m// Create a seller[39m
    [31m[1m>[22m[39m[90m 21 |[39m         [36mconst[39m user [33m=[39m [36mawait[39m 
prisma[33m.[39muser[33m.[39mcreate({
     [90m    |[39m                                        [31m[1m^[22m[39m
     [90m 22 |[39m             data[33m:[39m {
     [90m 23 |[39m                 email[33m:[39m [32m`seller_test_${Date.now()}@example.com`[39m[33m,[39m
     [90m 24 |[39m                 password[33m:[39m [32m'hashedpassword'[39m[33m,[39m[0m

      at Object.<anonymous> (__tests__/controllers/ProductController.test.ts:21:40)

  ΓùÅ ProductController ΓÇ║ getProducts (Public Access) ΓÇ║ should return empty list if no ACTIVE products match filter

    TypeError: Cannot read properties of undefined (reading 'create')

    [0m [90m 19 |[39m     beforeAll([36masync[39m () [33m=>[39m {
     [90m 20 |[39m         [90m// Create a seller[39m
    [31m[1m>[22m[39m[90m 21 |[39m         [36mconst[39m user [33m=[39m [36mawait[39m 
prisma[33m.[39muser[33m.[39mcreate({
     [90m    |[39m                                        [31m[1m^[22m[39m
     [90m 22 |[39m             data[33m:[39m {
     [90m 23 |[39m                 email[33m:[39m [32m`seller_test_${Date.now()}@example.com`[39m[33m,[39m
     [90m 24 |[39m                 password[33m:[39m [32m'hashedpassword'[39m[33m,[39m[0m

      at Object.<anonymous> (__tests__/controllers/ProductController.test.ts:21:40)

  ΓùÅ ProductController ΓÇ║ Privacy & Security Edge Cases ΓÇ║ should NOT allow updating another sellers product

    TypeError: Cannot read properties of undefined (reading 'create')

    [0m [90m 19 |[39m     beforeAll([36masync[39m () [33m=>[39m {
     [90m 20 |[39m         [90m// Create a seller[39m
    [31m[1m>[22m[39m[90m 21 |[39m         [36mconst[39m user [33m=[39m [36mawait[39m 
prisma[33m.[39muser[33m.[39mcreate({
     [90m    |[39m                                        [31m[1m^[22m[39m
     [90m 22 |[39m             data[33m:[39m {
     [90m 23 |[39m                 email[33m:[39m [32m`seller_test_${Date.now()}@example.com`[39m[33m,[39m
     [90m 24 |[39m                 password[33m:[39m [32m'hashedpassword'[39m[33m,[39m[0m

      at Object.<anonymous> (__tests__/controllers/ProductController.test.ts:21:40)

  ΓùÅ ProductController ΓÇ║ Privacy & Security Edge Cases ΓÇ║ should NOT reveal deleted products

    TypeError: Cannot read properties of undefined (reading 'create')

    [0m [90m 19 |[39m     beforeAll([36masync[39m () [33m=>[39m {
     [90m 20 |[39m         [90m// Create a seller[39m
    [31m[1m>[22m[39m[90m 21 |[39m         [36mconst[39m user [33m=[39m [36mawait[39m 
prisma[33m.[39muser[33m.[39mcreate({
     [90m    |[39m                                        [31m[1m^[22m[39m
     [90m 22 |[39m             data[33m:[39m {
     [90m 23 |[39m                 email[33m:[39m [32m`seller_test_${Date.now()}@example.com`[39m[33m,[39m
     [90m 24 |[39m                 password[33m:[39m [32m'hashedpassword'[39m[33m,[39m[0m

      at Object.<anonymous> (__tests__/controllers/ProductController.test.ts:21:40)


  ΓùÅ Test suite failed to run

    PrismaClientKnownRequestError: 
    Invalid `prisma.product.deleteMany()` invocation in
    D:\knot-and-bloom\backend\__tests__\controllers\ProductController.test.ts:49:30

      46 
      47 afterAll(async () => {
      48     // Cleanup methods usually cascade but let's be safe
    ΓåÆ 49     await prisma.product.deleteMany(
    Foreign key constraint violated on the constraint: `CartItem_productId_fkey`

    [0m [90m 67 |[39m [32m[39m
     [90m 68 |[39m [32mMore Information: https://pris.ly/d/execute-raw[39m
    [31m[1m>[22m[39m[90m 69 |[39m [32m`[39m)}[36mvar[39m [33mXn[39m[33m=[39m({clientMethod[33m:[39me[3
3m,[39mactiveProvider[33m:[39mt})[33m=>[39mr[33m=>[39m{[36mlet[39m n[33m=[39m[32m""[39m[33m,[39mi[33m;
[39m[36mif[39m(ar(r))n[33m=[39mr[33m.[39msql[33m,[39mi[33m=[39m{values[33m:[39m[33mGe[39m(r[33m.[39mval
ues)[33m,[39m__prismaRawParameters__[33m:[39m[33m![39m[35m0[39m}[33m;[39m[36melse[39m [36mif[39m([33mArr
ay[39m[33m.[39misArray(r)){[36mlet[39m[o[33m,[39m[33m...[39ms][33m=[39mr[33m;[39mn[33m=[39mo[33m,[39mi
[33m=[39m{values[33m:[39m[33mGe[39m(s[33m||[39m[])[33m,[39m__prismaRawParameters__[33m:[39m[33m![39m[35m
0[39m}}[36melse[39m [36mswitch[39m(t){[36mcase[39m[32m"sqlite"[39m[33m:[39m[36mcase[39m[32m"mysql"[39m[
33m:[39m{n[33m=[39mr[33m.[39msql[33m,[39mi[33m=[39m{values[33m:[39m[33mGe[39m(r[33m.[39mvalues)[33m,[3
9m__prismaRawParameters__[33m:[39m[33m![39m[35m0[39m}[33m;[39m[36mbreak[39m}[36mcase[39m[32m"cockroachdb"
[39m[33m:[39m[36mcase[39m[32m"postgresql"[39m[33m:[39m[36mcase[39m[32m"postgres"[39m[33m:[39m{n[33m=[39
mr[33m.[39mtext[33m,[39mi[33m=[39m{values[33m:[39m[33mGe[39m(r[33m.[39mvalues)[33m,[39m__prismaRawParamet
ers__[33m:[39m[33m![39m[35m0[39m}[33m;[39m[36mbreak[39m}[36mcase[39m[32m"sqlserver"[39m[33m:[39m{n[33m
=[39m[33mDa[39m(r)[33m,[39mi[33m=[39m{values[33m:[39m[33mGe[39m(r[33m.[39mvalues)[33m,[39m__prismaRawPar
ameters__[33m:[39m[33m![39m[35m0[39m}[33m;[39m[36mbreak[39m}[36mdefault[39m[33m:[39m[36mthrow[39m 
[36mnew[39m [33mError[39m([32m`The ${t} provider does not support ${e}`[39m)}[36mreturn[39m 
i[33m?[39m[33m.[39mvalues[33m?[39m[33mVa[39m([32m`prisma.${e}(${n}, ${i.values})`[39m)[33m:[39m[33mVa[39m
([32m`prisma.${e}(${n})`[39m)[33m,[39m{query[33m:[39mn[33m,[39mparameters[33m:[39mi}}[33m,[39mja[33m=[39m
{requestArgsToMiddlewareArgs(e){[36mreturn[39m[e[33m.[39mstrings[33m,[39m[33m...[39me[33m.[39mvalues]}[33m,
[39mmiddlewareArgsToRequestArgs(e){[36mlet[39m[t[33m,[39m[33m...[39mr][33m=[39me[33m;[39m[36mreturn[39m 
[36mnew[39m [33mUa[39m[33m.[39m[33mSql[39m(t[33m,[39mr)}}[33m,[39m[33mBa[39m[33m=[39m{requestArgsToMidd
lewareArgs(e){[36mreturn[39m[e]}[33m,[39mmiddlewareArgsToRequestArgs(e){[36mreturn[39m 
e[[35m0[39m]}}[33m;[39m[36mfunction[39m ei(e){[36mreturn[39m [36mfunction[39m(r[33m,[39mn){[36mlet[39m 
i[33m,[39mo[33m=[39m(s[33m=[39me)[33m=>[39m{[36mtry[39m{[36mreturn[39m s[33m===[39m[36mvoid[39m [35m0
[39m[33m||[39ms[33m?[39m[33m.[39mkind[33m===[39m[32m"itx"[39m[33m?[39mi[33m?[39m[33m?[39m[33m=[39m[3
3mQa[39m(r(s))[33m:[39m[33mQa[39m(r(s))}[36mcatch[39m(a){[36mreturn[39m 
[33mPromise[39m[33m.[39mreject(a)}}[33m;[39m[36mreturn[39m{[36mget[39m spec(){[36mreturn[39m 
n}[33m,[39mthen(s[33m,[39ma){[36mreturn[39m 
o()[33m.[39mthen(s[33m,[39ma)}[33m,[39m[36mcatch[39m(s){[36mreturn[39m 
o()[33m.[39m[36mcatch[39m(s)}[33m,[39m[36mfinally[39m(s){[36mreturn[39m 
o()[33m.[39m[36mfinally[39m(s)}[33m,[39mrequestTransaction(s){[36mlet[39m 
a[33m=[39mo(s)[33m;[39m[36mreturn[39m a[33m.[39mrequestTransaction[33m?[39ma[33m.[39mrequestTransaction(s)
[33m:[39ma}[33m,[39m[[33mSymbol[39m[33m.[39mtoStringTag][33m:[39m[32m"PrismaPromise"[39m}}}[36mfunction[39
m [33mQa[39m(e){[36mreturn[39m [36mtypeof[39m e[33m.[39mthen[33m==[39m[32m"function"[39m[33m?[39me[33m:
[39m[33mPromise[39m[33m.[39mresolve(e)}[36mvar[39m [33mHa[39m[33m=[39m{name[33m:[39m[32m"@prisma/instrumen
tation-contract"[39m[33m,[39mversion[33m:[39m[32m"7.1.0"[39m[33m,[39mdescription[33m:[39m[32m"Shared types 
and utilities for Prisma instrumentation"[39m[33m,[39mmain[33m:[39m[32m"dist/index.js"[39m[33m,[39mmodule[33m
:[39m[32m"dist/index.mjs"[39m[33m,[39mtypes[33m:[39m[32m"dist/index.d.ts"[39m[33m,[39mexports[33m:[39m{[3
2m"."[39m[33m:[39m{require[33m:[39m{types[33m:[39m[32m"./dist/index.d.ts"[39m[33m,[39m[36mdefault[39m[33m
:[39m[32m"./dist/index.js"[39m}[33m,[39m[36mimport[39m[33m:[39m{types[33m:[39m[32m"./dist/index.d.mts"[39m
[33m,[39m[36mdefault[39m[33m:[39m[32m"./dist/index.mjs"[39m}}}[33m,[39mlicense[33m:[39m[32m"Apache-2.0"[3
9m[33m,[39mhomepage[33m:[39m[32m"https://www.prisma.io"[39m[33m,[39mrepository[33m:[39m{type[33m:[39m[32m"
git"[39m[33m,[39murl[33m:[39m[32m"https://github.com/prisma/prisma.git"[39m[33m,[39mdirectory[33m:[39m[32m"
packages/instrumentation-contract"[39m}[33m,[39mbugs[33m:[39m[32m"https://github.com/prisma/prisma/issues"[39m[
33m,[39mscripts[33m:[39m{dev[33m:[39m[32m"DEV=true tsx 
helpers/build.ts"[39m[33m,[39mbuild[33m:[39m[32m"tsx 
helpers/build.ts"[39m[33m,[39mprepublishOnly[33m:[39m[32m"pnpm run 
build"[39m[33m,[39mtest[33m:[39m[32m"vitest run"[39m}[33m,[39mfiles[33m:[39m[[32m"dist"[39m][33m,[39msid
eEffects[33m:[39m[33m![39m[35m1[39m[33m,[39mdevDependencies[33m:[39m{[32m"@opentelemetry/api"[39m[33m:[39
m[32m"1.9.0"[39m}[33m,[39mpeerDependencies[33m:[39m{[32m"@opentelemetry/api"[39m[33m:[39m[32m"^1.8"[39m}}[
33m;[39m[36mvar[39m wd[33m=[39m[33mHa[39m[33m.[39mversion[33m.[39msplit([32m"."[39m)[[35m0[39m][33m,[3
9mxd[33m=[39m[32m"PRISMA_INSTRUMENTATION"[39m[33m,[39mbd[33m=[39m[32m`V${wd}_PRISMA_INSTRUMENTATION`[39m[33m
,[39m[33mJa[39m[33m=[39mglobalThis[33m;[39m[36mfunction[39m [33mWa[39m(){[36mlet[39m 
e[33m=[39m[33mJa[39m[bd][33m;[39m[36mreturn[39m e[33m?[39m[33m.[39mhelper[33m?[39me[33m.[39mhelper[33m
:[39m[33mJa[39m[xd][33m?[39m[33m.[39mhelper}[36mvar[39m [33mEd[39m[33m=[39m{isEnabled(){[36mreturn[39m[
33m![39m[35m1[39m}[33m,[39mgetTraceParent(){[36mreturn[39m[32m"00-10-10-00"[39m}[33m,[39mdispatchEngineSpans
(){}[33m,[39mgetActiveContext(){}[33m,[39mrunInChildSpan(e[33m,[39mt){[36mreturn[39m 
t()}}[33m,[39mti[33m=[39m[36mclass[39m{isEnabled(){[36mreturn[39m 
[36mthis[39m[33m.[39mgetTracingHelper()[33m.[39misEnabled()}getTraceParent(t){[36mreturn[39m 
[36mthis[39m[33m.[39mgetTracingHelper()[33m.[39mgetTraceParent(t)}dispatchEngineSpans(t){[36mreturn[39m 
[36mthis[39m[33m.[39mgetTracingHelper()[33m.[39mdispatchEngineSpans(t)}getActiveContext(){[36mreturn[39m [36mt
his[39m[33m.[39mgetTracingHelper()[33m.[39mgetActiveContext()}runInChildSpan(t[33m,[39mr){[36mreturn[39m [36m
this[39m[33m.[39mgetTracingHelper()[33m.[39mrunInChildSpan(t[33m,[39mr)}getTracingHelper(){[36mreturn[39m 
[33mWa[39m()[33m?[39m[33m?[39m[33mEd[39m}}[33m;[39m[36mfunction[39m [33mGa[39m(){[36mreturn[39m 
[36mnew[39m ti}[36mfunction[39m [33mKa[39m(e[33m,[39mt[33m=[39m()[33m=>[39m{}){[36mlet[39m 
r[33m,[39mn[33m=[39m[36mnew[39m [33mPromise[39m(i[33m=>[39mr[33m=[39mi)[33m;[39m[36mreturn[39m{then(i){
[36mreturn[39m[33m--[39me[33m===[39m[35m0[39m[33m&&[39mr(t())[33m,[39mi[33m?[39m[33m.[39m(n)}}}[36mfun
ction[39m za(e){[36mreturn[39m [36mtypeof[39m 
e[33m==[39m[32m"string"[39m[33m?[39me[33m:[39me[33m.[39mreduce((t[33m,[39mr)[33m=>[39m{[36mlet[39m 
n[33m=[39m[36mtypeof[39m 
r[33m==[39m[32m"string"[39m[33m?[39mr[33m:[39mr[33m.[39mlevel[33m;[39m[36mreturn[39m n[33m===[39m[32m"
query"[39m[33m?[39mt[33m:[39mt[33m&&[39m(r[33m===[39m[32m"info"[39m[33m||[39mt[33m===[39m[32m"info"[39
m)[33m?[39m[32m"info"[39m[33m:[39mn}[33m,[39m[36mvoid[39m [35m0[39m)}[36mvar[39m 
[33mXa[39m[33m=[39mrequire([32m"@prisma/client-runtime-utils"[39m)[33m;[39m[36mfunction[39m [33mZa[39m(e){
[36mif[39m(e[33m.[39maction[33m!==[39m[32m"findUnique"[39m[33m&&[39me[33m.[39maction[33m!==[39m[32m"findU
niqueOrThrow"[39m)[36mreturn[39m[33m;[39m[36mlet[39m t[33m=[39m[][33m;[39m[36mreturn[39m e[33m.[39mmodel
Name[33m&&[39mt[33m.[39mpush(e[33m.[39mmodelName)[33m,[39me[33m.[39mquery[33m.[39marguments[33m&&[39mt[3
3m.[39mpush(ri(e[33m.[39mquery[33m.[39marguments))[33m,[39mt[33m.[39mpush(ri(e[33m.[39mquery[33m.[39mselec
tion))[33m,[39mt[33m.[39mjoin([32m""[39m)}[36mfunction[39m 
ri(e){[36mreturn[39m[32m`(${Object.keys(e).sort().map(r=>{let n=e[r];return typeof n=="object"&&n!==null?`(${r} 
${ri(n)})`:r}).join(" ")})`[39m}[36mvar[39m [33mTd[39m[33m=[39m{aggregate[33m:[39m[33m![39m[35m1[39m[33m,
[39maggregateRaw[33m:[39m[33m![39m[35m1[39m[33m,[39mcreateMany[33m:[39m[33m![39m[35m0[39m[33m,[39mcrea
teManyAndReturn[33m:[39m[33m![39m[35m0[39m[33m,[39mcreateOne[33m:[39m[33m![39m[35m0[39m[33m,[39mdeleteM
any[33m:[39m[33m![39m[35m0[39m[33m,[39mdeleteOne[33m:[39m[33m![39m[35m0[39m[33m,[39mexecuteRaw[33m:[3
9m[33m![39m[35m0[39m[33m,[39mfindFirst[33m:[39m[33m![39m[35m1[39m[33m,[39mfindFirstOrThrow[33m:[39m[33
m![39m[35m1[39m[33m,[39mfindMany[33m:[39m[33m![39m[35m1[39m[33m,[39mfindRaw[33m:[39m[33m![39m[35m1[3
9m[33m,[39mfindUnique[33m:[39m[33m![39m[35m1[39m[33m,[39mfindUniqueOrThrow[33m:[39m[33m![39m[35m1[39m[
33m,[39mgroupBy[33m:[39m[33m![39m[35m1[39m[33m,[39mqueryRaw[33m:[39m[33m![39m[35m1[39m[33m,[39mrunComm
andRaw[33m:[39m[33m![39m[35m0[39m[33m,[39mupdateMany[33m:[39m[33m![39m[35m0[39m[33m,[39mupdateManyAndRe
turn[33m:[39m[33m![39m[35m0[39m[33m,[39mupdateOne[33m:[39m[33m![39m[35m0[39m[33m,[39mupsertOne[33m:[3
9m[33m![39m[35m0[39m}[33m;[39m[36mfunction[39m ni(e){[36mreturn[39m [33mTd[39m[e]}[36mvar[39m [33mLr[39
m[33m=[39m[36mclass[39m{constructor(t){[36mthis[39m[33m.[39moptions[33m=[39mt[33m;[39m[36mthis[39m[33m.
[39mbatches[33m=[39m{}}batches[33m;[39mtickActive[33m=[39m[33m![39m[35m1[39m[33m;[39mrequest(t){[36mlet[3
9m r[33m=[39m[36mthis[39m[33m.[39moptions[33m.[39mbatchBy(t)[33m;[39m[36mreturn[39m r[33m?[39m([36mthis
[39m[33m.[39mbatches[r][33m||[39m([36mthis[39m[33m.[39mbatches[r][33m=[39m[][33m,[39m[36mthis[39m[33m.[
39mtickActive[33m||[39m([36mthis[39m[33m.[39mtickActive[33m=[39m[33m![39m[35m0[39m[33m,[39mprocess[33m.
[39mnextTick(()[33m=>[39m{[36mthis[39m[33m.[39mdispatchBatches()[33m,[39m[36mthis[39m[33m.[39mtickActive[3
3m=[39m[33m![39m[35m1[39m})))[33m,[39m[36mnew[39m [33mPromise[39m((n[33m,[39mi)[33m=>[39m{[36mthis[39m
[33m.[39mbatches[r][33m.[39mpush({request[33m:[39mt[33m,[39mresolve[33m:[39mn[33m,[39mreject[33m:[39mi})}
))[33m:[39m[36mthis[39m[33m.[39moptions[33m.[39msingleLoader(t)}dispatchBatches(){[36mfor[39m([36mlet[39m 
t [36min[39m [36mthis[39m[33m.[39mbatches){[36mlet[39m 
r[33m=[39m[36mthis[39m[33m.[39mbatches[t][33m;[39m[36mdelete[39m [36mthis[39m[33m.[39mbatches[t][33m,[3
9mr[33m.[39mlength[33m===[39m[35m1[39m[33m?[39m[36mthis[39m[33m.[39moptions[33m.[39msingleLoader(r[[35m0
[39m][33m.[39mrequest)[33m.[39mthen(n[33m=>[39m{n [36minstanceof[39m [33mError[39m[33m?[39mr[[35m0[39m]
[33m.[39mreject(n)[33m:[39mr[[35m0[39m][33m.[39mresolve(n)})[33m.[39m[36mcatch[39m(n[33m=>[39m{r[[35m0[3
9m][33m.[39mreject(n)})[33m:[39m(r[33m.[39msort((n[33m,[39mi)[33m=>[39m[36mthis[39m[33m.[39moptions[33m.
[39mbatchOrder(n[33m.[39mrequest[33m,[39mi[33m.[39mrequest))[33m,[39m[36mthis[39m[33m.[39moptions[33m.[3
9mbatchLoader(r[33m.[39mmap(n[33m=>[39mn[33m.[39mrequest))[33m.[39mthen(n[33m=>[39m{[36mif[39m(n 
[36minstanceof[39m [33mError[39m)[36mfor[39m([36mlet[39m i[33m=[39m[35m0[39m[33m;[39mi[33m<[39m[33mr[
39m[33m.[39mlength[33m;[39mi[33m++[39m)r[i][33m.[39mreject(n)[33m;[39m[36melse[39m 
[36mfor[39m([36mlet[39m 
i[33m=[39m[35m0[39m[33m;[39mi[33m<[39m[33mr[39m[33m.[39mlength[33m;[39mi[33m++[39m){[36mlet[39m 
o[33m=[39mn[i][33m;[39mo [36minstanceof[39m [33mError[39m[33m?[39mr[i][33m.[39mreject(o)[33m:[39mr[i][33
m.[39mresolve(o)}})[33m.[39m[36mcatch[39m(n[33m=>[39m{[36mfor[39m([36mlet[39m i[33m=[39m[35m0[39m[33m;
[39mi[33m<[39m[33mr[39m[33m.[39mlength[33m;[39mi[33m++[39m)r[i][33m.[39mreject(n)}))}}[36mget[39m[[33mSy
mbol[39m[33m.[39mtoStringTag](){[36mreturn[39m[32m"DataLoader"[39m}}[33m;[39m[36mvar[39m 
[33mYa[39m[33m=[39mrequire([32m"@prisma/client-runtime-utils"[39m)[33m;[39m[36mfunction[39m 
[33mTe[39m(e[33m,[39mt){[36mif[39m(t[33m===[39m[36mnull[39m)[36mreturn[39m 
t[33m;[39m[36mswitch[39m(e){[36mcase[39m[32m"bigint"[39m[33m:[39m[36mreturn[39m [33mBigInt[39m(t)[33m;[
39m[36mcase[39m[32m"bytes"[39m[33m:[39m{[36mlet[39m{buffer[33m:[39mr[33m,[39mbyteOffset[33m:[39mn[33m,[
39mbyteLength[33m:[39mi}[33m=[39m[33mBuffer[39m[33m.[39m[36mfrom[39m(t[33m,[39m[32m"base64"[39m)[33m;[3
9m[36mreturn[39m [36mnew[39m 
[33mUint8Array[39m(r[33m,[39mn[33m,[39mi)}[36mcase[39m[32m"decimal"[39m[33m:[39m[36mreturn[39m 
[36mnew[39m [33mYa[39m[33m.[39m[33mDecimal[39m(t)[33m;[39m[36mcase[39m[32m"datetime"[39m[33m:[39m[36mc
ase[39m[32m"date"[39m[33m:[39m[36mreturn[39m [36mnew[39m 
[33mDate[39m(t)[33m;[39m[36mcase[39m[32m"time"[39m[33m:[39m[36mreturn[39m [36mnew[39m [33mDate[39m([32
m`1970-01-01T${t}Z`[39m)[33m;[39m[36mcase[39m[32m"bigint-array"[39m[33m:[39m[36mreturn[39m t[33m.[39mmap(r
[33m=>[39m[33mTe[39m([32m"bigint"[39m[33m,[39mr))[33m;[39m[36mcase[39m[32m"bytes-array"[39m[33m:[39m[3
6mreturn[39m t[33m.[39mmap(r[33m=>[39m[33mTe[39m([32m"bytes"[39m[33m,[39mr))[33m;[39m[36mcase[39m[32m"d
ecimal-array"[39m[33m:[39m[36mreturn[39m t[33m.[39mmap(r[33m=>[39m[33mTe[39m([32m"decimal"[39m[33m,[39mr
))[33m;[39m[36mcase[39m[32m"datetime-array"[39m[33m:[39m[36mreturn[39m t[33m.[39mmap(r[33m=>[39m[33mTe[
39m([32m"datetime"[39m[33m,[39mr))[33m;[39m[36mcase[39m[32m"date-array"[39m[33m:[39m[36mreturn[39m t[33m
.[39mmap(r[33m=>[39m[33mTe[39m([32m"date"[39m[33m,[39mr))[33m;[39m[36mcase[39m[32m"time-array"[39m[33m:
[39m[36mreturn[39m t[33m.[39mmap(r[33m=>[39m[33mTe[39m([32m"time"[39m[33m,[39mr))[33m;[39m[36mdefault[
39m[33m:[39m[36mreturn[39m t}}[36mfunction[39m $r(e){[36mlet[39m 
t[33m=[39m[][33m,[39mr[33m=[39m[33mPd[39m(e)[33m;[39m[36mfor[39m([36mlet[39m n[33m=[39m[35m0[39m[33m
;[39mn[33m<[39m[33me[39m[33m.[39mrows[33m.[39mlength[33m;[39mn[33m++[39m){[36mlet[39m 
i[33m=[39me[33m.[39mrows[n][33m,[39mo[33m=[39m{[33m...[39mr}[33m;[39m[36mfor[39m([36mlet[39m s[33m=[3
9m[35m0[39m[33m;[39ms[33m<[39m[33mi[39m[33m.[39mlength[33m;[39ms[33m++[39m)o[e[33m.[39mcolumns[s]][33m
=[39m[33mTe[39m(e[33m.[39mtypes[s][33m,[39mi[s])[33m;[39mt[33m.[39mpush(o)}[36mreturn[39m 
t}[36mfunction[39m [33mPd[39m(e){[36mlet[39m t[33m=[39m{}[33m;[39m[36mfor[39m([36mlet[39m r[33m=[39m[3
5m0[39m[33m;[39mr[33m<[39m[33me[39m[33m.[39mcolumns[33m.[39mlength[33m;[39mr[33m++[39m)t[e[33m.[39mcol
umns[r]][33m=[39m[36mnull[39m[33m;[39m[36mreturn[39m t}[36mvar[39m [33mAd[39m[33m=[39m[33mF[39m([32m"p
risma:client:request_handler"[39m)[33m,[39mqr[33m=[39m[36mclass[39m{client[33m;[39mdataloader[33m;[39mlogEmi
tter[33m;[39mconstructor(t[33m,[39mr){[36mthis[39m[33m.[39mlogEmitter[33m=[39mr[33m,[39m[36mthis[39m[33m
.[39mclient[33m=[39mt[33m,[39m[36mthis[39m[33m.[39mdataloader[33m=[39m[36mnew[39m [33mLr[39m({batchLoade
r[33m:[39m[33mVo[39m([36masync[39m({requests[33m:[39mn[33m,[39mcustomDataProxyFetch[33m:[39mi})[33m=>[39m
{[36mlet[39m{transaction[33m:[39mo[33m,[39motelParentCtx[33m:[39ms}[33m=[39mn[[35m0[39m][33m,[39ma[33m=
[39mn[33m.[39mmap(p[33m=>[39mp[33m.[39mprotocolQuery)[33m,[39ml[33m=[39m[36mthis[39m[33m.[39mclient[33m.
[39m_tracingHelper[33m.[39mgetTraceParent(s)[33m,[39mc[33m=[39mn[33m.[39msome(p[33m=>[39mni(p[33m.[39mprot
ocolQuery[33m.[39maction))[33m;[39m[36mreturn[39m([36mawait[39m [36mthis[39m[33m.[39mclient[33m.[39m_engi
ne[33m.[39mrequestBatch(a[33m,[39m{traceparent[33m:[39ml[33m,[39mtransaction[33m:[39m[33mSd[39m(o)[33m,[3
9mcontainsWrite[33m:[39mc[33m,[39mcustomDataProxyFetch[33m:[39mi}))[33m.[39mmap((p[33m,[39my)[33m=>[39m{[3
6mif[39m(p [36minstanceof[39m [33mError[39m)[36mreturn[39m p[33m;[39m[36mtry[39m{[36mreturn[39m 
[36mthis[39m[33m.[39mmapQueryEngineResult(n[y][33m,[39mp)}[36mcatch[39m(h){[36mreturn[39m 
h}})})[33m,[39msingleLoader[33m:[39m[36masync[39m n[33m=>[39m{[36mlet[39m i[33m=[39mn[33m.[39mtransaction
[33m?[39m[33m.[39mkind[33m===[39m[32m"itx"[39m[33m?[39mel(n[33m.[39mtransaction)[33m:[39m[36mvoid[39m 
[35m0[39m[33m,[39mo[33m=[39m[36mawait[39m [36mthis[39m[33m.[39mclient[33m.[39m_engine[33m.[39mrequest(n
[33m.[39mprotocolQuery[33m,[39m{traceparent[33m:[39m[36mthis[39m[33m.[39mclient[33m.[39m_tracingHelper[33m
.[39mgetTraceParent()[33m,[39minteractiveTransaction[33m:[39mi[33m,[39misWrite[33m:[39mni(n[33m.[39mprotocol
Query[33m.[39maction)[33m,[39mcustomDataProxyFetch[33m:[39mn[33m.[39mcustomDataProxyFetch})[33m;[39m[36mretu
rn[39m [36mthis[39m[33m.[39mmapQueryEngineResult(n[33m,[39mo)}[33m,[39mbatchBy[33m:[39mn[33m=>[39mn[33m.
[39mtransaction[33m?[39m[33m.[39mid[33m?[39m[32m`transaction-${n.transaction.id}`[39m[33m:[39m[33mZa[39m(n
[33m.[39mprotocolQuery)[33m,[39mbatchOrder(n[33m,[39mi){[36mreturn[39m n[33m.[39mtransaction[33m?[39m[33m.
[39mkind[33m===[39m[32m"batch"[39m[33m&&[39mi[33m.[39mtransaction[33m?[39m[33m.[39mkind[33m===[39m[32m"b
atch"[39m[33m?[39mn[33m.[39mtransaction[33m.[39mindex[33m-[39mi[33m.[39mtransaction[33m.[39mindex[33m:[3
9m[35m0[39m}})}[36masync[39m request(t){[36mtry[39m{[36mreturn[39m [36mawait[39m [36mthis[39m[33m.[39mdat
aloader[33m.[39mrequest(t)}[36mcatch[39m(r){[36mlet[39m{clientMethod[33m:[39mn[33m,[39mcallsite[33m:[39mi[
33m,[39mtransaction[33m:[39mo[33m,[39margs[33m:[39ms[33m,[39mmodelName[33m:[39ma}[33m=[39mt[33m;[39m[36
mthis[39m[33m.[39mhandleAndLogRequestError({error[33m:[39mr[33m,[39mclientMethod[33m:[39mn[33m,[39mcallsite
[33m:[39mi[33m,[39mtransaction[33m:[39mo[33m,[39margs[33m:[39ms[33m,[39mmodelName[33m:[39ma[33m,[39mglob
alOmit[33m:[39mt[33m.[39mglobalOmit})}}mapQueryEngineResult({dataPath[33m:[39mt[33m,[39munpacker[33m:[39mr}[
33m,[39mn){[36mlet[39m i[33m=[39mn[33m?[39m[33m.[39mdata[33m,[39mo[33m=[39m[36mthis[39m[33m.[39munpack
(i[33m,[39mt[33m,[39mr)[33m;[39m[36mreturn[39m process[33m.[39menv[33m.[39m[33mPRISMA_CLIENT_GET_TIME[39m
[33m?[39m{data[33m:[39mo}[33m:[39mo}handleAndLogRequestError(t){[36mtry[39m{[36mthis[39m[33m.[39mhandleRequ
estError(t)}[36mcatch[39m(r){[36mthrow[39m [36mthis[39m[33m.[39mlogEmitter[33m&&[39m[36mthis[39m[33m.[39m
logEmitter[33m.[39memit([32m"error"[39m[33m,[39m{message[33m:[39mr[33m.[39mmessage[33m,[39mtarget[33m:[39
mt[33m.[39mclientMethod[33m,[39mtimestamp[33m:[39m[36mnew[39m [33mDate[39m})[33m,[39mr}}handleRequestError(
{error[33m:[39mt[33m,[39mclientMethod[33m:[39mr[33m,[39mcallsite[33m:[39mn[33m,[39mtransaction[33m:[39mi
[33m,[39margs[33m:[39mo[33m,[39mmodelName[33m:[39ms[33m,[39mglobalOmit[33m:[39ma}){[36mif[39m([33mAd[39m
(t)[33m,[39mvd(t[33m,[39mi))[36mthrow[39m t[33m;[39m[36mif[39m(t [36minstanceof[39m 
w[33m.[39m[33mPrismaClientKnownRequestError[39m[33m&&[39m[33mCd[39m(t)){[36mlet[39m c[33m=[39mtl(t[33m.[3
9mmeta)[33m;[39mtr({args[33m:[39mo[33m,[39merrors[33m:[39m[c][33m,[39mcallsite[33m:[39mn[33m,[39merrorFor
mat[33m:[39m[36mthis[39m[33m.[39mclient[33m.[39m_errorFormat[33m,[39moriginalMethod[33m:[39mr[33m,[39mcli
entVersion[33m:[39m[36mthis[39m[33m.[39mclient[33m.[39m_clientVersion[33m,[39mglobalOmit[33m:[39ma})}[36ml
et[39m l[33m=[39mt[33m.[39mmessage[33m;[39m[36mif[39m(n[33m&&[39m(l[33m=[39m[33mWt[39m({callsite[33m:[
39mn[33m,[39moriginalMethod[33m:[39mr[33m,[39misPanic[33m:[39mt[33m.[39misPanic[33m,[39mshowColors[33m:[3
9m[36mthis[39m[33m.[39mclient[33m.[39m_errorFormat[33m===[39m[32m"pretty"[39m[33m,[39mmessage[33m:[39ml})
)[33m,[39ml[33m=[39m[36mthis[39m[33m.[39msanitizeMessage(l)[33m,[39mt[33m.[39mcode){[36mlet[39m c[33m=[
39ms[33m?[39m{modelName[33m:[39ms[33m,[39m[33m...[39mt[33m.[39mmeta}[33m:[39mt[33m.[39mmeta[33m;[39m[3
6mthrow[39m [36mnew[39m w[33m.[39m[33mPrismaClientKnownRequestError[39m(l[33m,[39m{code[33m:[39mt[33m.[39m
code[33m,[39mclientVersion[33m:[39m[36mthis[39m[33m.[39mclient[33m.[39m_clientVersion[33m,[39mmeta[33m:[3
9mc[33m,[39mbatchRequestIdx[33m:[39mt[33m.[39mbatchRequestIdx})}[36melse[39m{[36mif[39m(t[33m.[39misPanic)
[36mthrow[39m [36mnew[39m w[33m.[39m[33mPrismaClientRustPanicError[39m(l[33m,[39m[36mthis[39m[33m.[39mclie
nt[33m.[39m_clientVersion)[33m;[39m[36mif[39m(t [36minstanceof[39m 
w[33m.[39m[33mPrismaClientUnknownRequestError[39m)[36mthrow[39m [36mnew[39m w[33m.[39m[33mPrismaClientUnknow
nRequestError[39m(l[33m,[39m{clientVersion[33m:[39m[36mthis[39m[33m.[39mclient[33m.[39m_clientVersion[33m,
[39mbatchRequestIdx[33m:[39mt[33m.[39mbatchRequestIdx})[33m;[39m[36mif[39m(t [36minstanceof[39m 
w[33m.[39m[33mPrismaClientInitializationError[39m)[36mthrow[39m [36mnew[39m w[33m.[39m[33mPrismaClientInitia
lizationError[39m(l[33m,[39m[36mthis[39m[33m.[39mclient[33m.[39m_clientVersion)[33m;[39m[36mif[39m(t 
[36minstanceof[39m w[33m.[39m[33mPrismaClientRustPanicError[39m)[36mthrow[39m [36mnew[39m w[33m.[39m[33mPr
ismaClientRustPanicError[39m(l[33m,[39m[36mthis[39m[33m.[39mclient[33m.[39m_clientVersion)}[36mthrow[39m t[
33m.[39mclientVersion[33m=[39m[36mthis[39m[33m.[39mclient[33m.[39m_clientVersion[33m,[39mt}sanitizeMessage(t
){[36mreturn[39m [36mthis[39m[33m.[39mclient[33m.[39m_errorFormat[33m&&[39m[36mthis[39m[33m.[39mclient[3
3m.[39m_errorFormat[33m!==[39m[32m"pretty"[39m[33m?[39m[33mSe[39m(t)[33m:[39mt}unpack(t[33m,[39mr[33m,[3
9mn){[36mif[39m([33m![39mt[33m||[39m(t[33m.[39mdata[33m&&[39m(t[33m=[39mt[33m.[39mdata)[33m,[39m[33m!
[39mt))[36mreturn[39m t[33m;[39m[36mlet[39m i[33m=[39m[33mObject[39m[33m.[39mkeys(t)[[35m0[39m][33m,[39
mo[33m=[39m[33mObject[39m[33m.[39mvalues(t)[[35m0[39m][33m,[39ms[33m=[39mr[33m.[39mfilter(c[33m=>[39mc
[33m!==[39m[32m"select"[39m[33m&&[39mc[33m!==[39m[32m"include"[39m)[33m,[39ma[33m=[39mun(o[33m,[39ms)[3
3m,[39ml[33m=[39mi[33m===[39m[32m"queryRaw"[39m[33m?[39m$r(a)[33m:[39mle(a)[33m;[39m[36mreturn[39m n[33
m?[39mn(l)[33m:[39ml}[36mget[39m[[33mSymbol[39m[33m.[39mtoStringTag](){[36mreturn[39m[32m"RequestHandler"[
39m}}[33m;[39m[36mfunction[39m [33mSd[39m(e){[36mif[39m(e){[36mif[39m(e[33m.[39mkind[33m===[39m[32m"batc
h"[39m)[36mreturn[39m{kind[33m:[39m[32m"batch"[39m[33m,[39moptions[33m:[39m{isolationLevel[33m:[39me[33m.
[39misolationLevel}}[33m;[39m[36mif[39m(e[33m.[39mkind[33m===[39m[32m"itx"[39m)[36mreturn[39m{kind[33m:[
39m[32m"itx"[39m[33m,[39moptions[33m:[39mel(e)}[33m;[39m[33mX[39m(e[33m,[39m[32m"Unknown transaction 
kind"[39m)}}[36mfunction[39m 
el(e){[36mreturn[39m{id[33m:[39me[33m.[39mid[33m,[39mpayload[33m:[39me[33m.[39mpayload}}[36mfunction[39m 
vd(e[33m,[39mt){[36mreturn[39m([35m0[39m[33m,[39m[33mXa[39m[33m.[39mhasBatchIndex)(e)[33m&&[39mt[33m?[3
9m[33m.[39mkind[33m===[39m[32m"batch"[39m[33m&&[39me[33m.[39mbatchRequestIdx[33m!==[39mt[33m.[39mindex}[
36mfunction[39m [33mCd[39m(e){[36mreturn[39m e[33m.[39mcode[33m===[39m[32m"P2009"[39m[33m||[39me[33m.[39
mcode[33m===[39m[32m"P2012"[39m}[36mfunction[39m tl(e){[36mif[39m(e[33m.[39mkind[33m===[39m[32m"Union"[39
m)[36mreturn[39m{kind[33m:[39m[32m"Union"[39m[33m,[39merrors[33m:[39me[33m.[39merrors[33m.[39mmap(tl)}[3
3m;[39m[36mif[39m([33mArray[39m[33m.[39misArray(e[33m.[39mselectionPath)){[36mlet[39m[[33m,[39m[33m...[3
9mt][33m=[39me[33m.[39mselectionPath[33m;[39m[36mreturn[39m{[33m...[39me[33m,[39mselectionPath[33m:[39mt}
}[36mreturn[39m e}[36mvar[39m ii[33m=[39m[33mOr[39m[33m;[39m[36mvar[39m 
sl[33m=[39m[33mV[39m(en())[33m;[39m[36mvar[39m v[33m=[39m[36mclass[39m [36mextends[39m 
[33mError[39m{constructor(t){[36msuper[39m(t[33m+[39m[32m`[39m
     [90m    |[39m                                                                                                   
                                                                                                                       
                                                                                                                       
                                                                                                                       
                                                                                                                       
                                                                                                                       
                                                                                                                       
                                                                                                                       
                                                                                                                       
                                                                                                                       
                                                                                                                       
                                                                                                                       
                                                                                                                       
                                                                                                                       
                                                                                                                       
                                                                                                                       
                                                                                                                       
                                                                                                                       
                                                                                                                       
                                                                                                                       
                                                                                                                       
                                                                                                                       
                                                                                                                       
                                                                                                                       
                                                                                                                       
                                                                                                                       
                                                                                                                       
                                                                                                                       
                                                                                                                       
                                                                                                                       
                                                                                                                       
                                                                                                                       
                                                                                                                       
                                                                                                                       
                                                                                                                       
                                                                                                                       
                                                                                                                       
                                                                                                                       
                                                                                                                       
                                                                                                                       
                                                                                                                       
                                                                                                                       
                                                                                                                       
                                                                                                                       
                                                                                                                       
                                                                                                                       
                                                                                                                       
                                                                                                                       
                                                                                                                       
                                                                                                                       
                                                                                                                       
                                                                                                                       
                                                                                                                       
                                                                                                                       
                                                                                                                       
                                                                                                                       
                                                                                                                       
                                                                                                                       
                                                                                                                       
                                                                                                                       
                                                                                                                       
                                                                                                                       
                                                                                                                       
                                                                                                                       
                                                                                                                       
                                                                                                                       
                                                                                                                       
                                                                                                                       
                                                                                                    
[31m[1m^[22m[39m
     [90m 70 |[39m [32mRead more at https://pris.ly/d/client-constructor`[39m)[33m,[39m[36mthis[39m[33m.[39mn
ame[33m=[39m[32m"PrismaClientConstructorValidationError"[39m}[36mget[39m[[33mSymbol[39m[33m.[39mtoStringTag](
){[36mreturn[39m[32m"PrismaClientConstructorValidationError"[39m}}[33m;[39mat(v[33m,[39m[32m"PrismaClientConst
ructorValidationError"[39m)[33m;[39m[36mvar[39m rl[33m=[39m[[32m"errorFormat"[39m[33m,[39m[32m"adapter"[39
m[33m,[39m[32m"accelerateUrl"[39m[33m,[39m[32m"log"[39m[33m,[39m[32m"transactionOptions"[39m[33m,[39m[32
m"omit"[39m[33m,[39m[32m"comments"[39m[33m,[39m[32m"__internal"[39m][33m,[39mnl[33m=[39m[[32m"pretty"[39
m[33m,[39m[32m"colorless"[39m[33m,[39m[32m"minimal"[39m][33m,[39mil[33m=[39m[[32m"info"[39m[33m,[39m[3
2m"query"[39m[33m,[39m[32m"warn"[39m[33m,[39m[32m"error"[39m][33m,[39m[33mRd[39m[33m=[39m{adapter[33m:
[39m()[33m=>[39m{}[33m,[39maccelerateUrl[33m:[39me[33m=>[39m{[36mif[39m(e[33m!==[39m[36mvoid[39m 
[35m0[39m){[36mif[39m([36mtypeof[39m e[33m!=[39m[32m"string"[39m)[36mthrow[39m [36mnew[39m 
v([32m`Invalid value ${JSON.stringify(e)} for "accelerateUrl" provided to PrismaClient 
constructor.`[39m)[33m;[39m[36mif[39m(e[33m.[39mtrim()[33m.[39mlength[33m===[39m[35m0[39m)[36mthrow[39m 
[36mnew[39m v([32m'"accelerateUrl" provided to PrismaClient constructor must be a non-empty 
string.'[39m)}}[33m,[39merrorFormat[33m:[39me[33m=>[39m{[36mif[39m(e){[36mif[39m([36mtypeof[39m 
e[33m!=[39m[32m"string"[39m)[36mthrow[39m [36mnew[39m v([32m`Invalid value ${JSON.stringify(e)} for 
"errorFormat" provided to PrismaClient 
constructor.`[39m)[33m;[39m[36mif[39m([33m![39mnl[33m.[39mincludes(e)){[36mlet[39m 
t[33m=[39m[33mNt[39m(e[33m,[39mnl)[33m;[39m[36mthrow[39m [36mnew[39m v([32m`Invalid errorFormat ${e} 
provided to PrismaClient constructor.${t}`[39m)}}}[33m,[39mlog[33m:[39me[33m=>[39m{[36mif[39m([33m![39me)[3
6mreturn[39m[33m;[39m[36mif[39m([33m![39m[33mArray[39m[33m.[39misArray(e))[36mthrow[39m [36mnew[39m 
v([32m`Invalid value ${JSON.stringify(e)} for "log" provided to PrismaClient 
constructor.`[39m)[33m;[39m[36mfunction[39m t(r){[36mif[39m([36mtypeof[39m 
r[33m==[39m[32m"string"[39m[33m&&[39m[33m![39mil[33m.[39mincludes(r)){[36mlet[39m 
n[33m=[39m[33mNt[39m(r[33m,[39mil)[33m;[39m[36mthrow[39m [36mnew[39m v([32m`Invalid log level "${r}" 
provided to PrismaClient constructor.${n}`[39m)}}[36mfor[39m([36mlet[39m r [36mof[39m 
e){t(r)[33m;[39m[36mlet[39m n[33m=[39m{level[33m:[39mt[33m,[39memit[33m:[39mi[33m=>[39m{[36mlet[39m o[
33m=[39m[[32m"stdout"[39m[33m,[39m[32m"event"[39m][33m;[39m[36mif[39m([33m![39mo[33m.[39mincludes(i)){[
36mlet[39m s[33m=[39m[33mNt[39m(i[33m,[39mo)[33m;[39m[36mthrow[39m [36mnew[39m v([32m`Invalid value 
${JSON.stringify(i)} for "emit" in logLevel provided to PrismaClient 
constructor.${s}`[39m)}}}[33m;[39m[36mif[39m(r[33m&&[39m[36mtypeof[39m 
r[33m==[39m[32m"object"[39m)[36mfor[39m([36mlet[39m[i[33m,[39mo][36mof[39m 
[33mObject[39m[33m.[39mentries(r))[36mif[39m(n[i])n[i](o)[33m;[39m[36melse[39m [36mthrow[39m [36mnew[39m 
v([32m`Invalid property ${i} for "log" provided to PrismaClient constructor`[39m)}}[33m,[39mtransactionOptions[33m
:[39me[33m=>[39m{[36mif[39m([33m![39me)[36mreturn[39m[33m;[39m[36mlet[39m t[33m=[39me[33m.[39mmaxWait
[33m;[39m[36mif[39m(t[33m!=[39m[36mnull[39m[33m&&[39mt[33m<=[39m[35m0[39m)[36mthrow[39m [36mnew[39m 
v([32m`Invalid value ${t} for maxWait in "transactionOptions" provided to PrismaClient constructor. maxWait needs to 
be greater than 0`[39m)[33m;[39m[36mlet[39m r[33m=[39me[33m.[39mtimeout[33m;[39m[36mif[39m(r[33m!=[39m[
36mnull[39m[33m&&[39mr[33m<=[39m[35m0[39m)[36mthrow[39m [36mnew[39m v([32m`Invalid value ${r} for timeout 
in "transactionOptions" provided to PrismaClient constructor. timeout needs to be greater than 
0`[39m)}[33m,[39momit[33m:[39m(e[33m,[39mt)[33m=>[39m{[36mif[39m([36mtypeof[39m 
e[33m!=[39m[32m"object"[39m)[36mthrow[39m [36mnew[39m v([32m'"omit" option is expected to be an 
object.'[39m)[33m;[39m[36mif[39m(e[33m===[39m[36mnull[39m)[36mthrow[39m [36mnew[39m v([32m'"omit" option 
can not be `null`'[39m)[33m;[39m[36mlet[39m 
r[33m=[39m[][33m;[39m[36mfor[39m([36mlet[39m[n[33m,[39mi][36mof[39m 
[33mObject[39m[33m.[39mentries(e)){[36mlet[39m o[33m=[39m[33mId[39m(n[33m,[39mt[33m.[39mruntimeDataModel)
[33m;[39m[36mif[39m([33m![39mo){r[33m.[39mpush({kind[33m:[39m[32m"UnknownModel"[39m[33m,[39mmodelKey[33m
:[39mn})[33m;[39m[36mcontinue[39m}[36mfor[39m([36mlet[39m[s[33m,[39ma][36mof[39m 
[33mObject[39m[33m.[39mentries(i)){[36mlet[39m l[33m=[39mo[33m.[39mfields[33m.[39mfind(c[33m=>[39mc[33m.
[39mname[33m===[39ms)[33m;[39m[36mif[39m([33m![39ml){r[33m.[39mpush({kind[33m:[39m[32m"UnknownField"[39m
[33m,[39mmodelKey[33m:[39mn[33m,[39mfieldName[33m:[39ms})[33m;[39m[36mcontinue[39m}[36mif[39m(l[33m.[39
mrelationName){r[33m.[39mpush({kind[33m:[39m[32m"RelationInOmit"[39m[33m,[39mmodelKey[33m:[39mn[33m,[39mfie
ldName[33m:[39ms})[33m;[39m[36mcontinue[39m}[36mtypeof[39m a[33m!=[39m[32m"boolean"[39m[33m&&[39mr[33m.
[39mpush({kind[33m:[39m[32m"InvalidFieldValue"[39m[33m,[39mmodelKey[33m:[39mn[33m,[39mfieldName[33m:[39ms})
}}[36mif[39m(r[33m.[39mlength[33m>[39m[35m0[39m)[36mthrow[39m [36mnew[39m 
v([33mFd[39m(e[33m,[39mr))}[33m,[39mcomments[33m:[39me[33m=>[39m{[36mif[39m(e[33m!==[39m[36mvoid[39m 
[35m0[39m){[36mif[39m([33m![39m[33mArray[39m[33m.[39misArray(e))[36mthrow[39m [36mnew[39m 
v([32m`Invalid value ${JSON.stringify(e)} for "comments" provided to PrismaClient constructor. Expected an array of 
SQL commenter plugins.`[39m)[33m;[39m[36mfor[39m([36mlet[39m t[33m=[39m[35m0[39m[33m;[39mt[33m<[39m[33m
e[39m[33m.[39mlength[33m;[39mt[33m++[39m)[36mif[39m([36mtypeof[39m 
e[t][33m!=[39m[32m"function"[39m)[36mthrow[39m [36mnew[39m v([32m`Invalid value at index ${t} for "comments" 
provided to PrismaClient constructor. Each plugin must be a function.`[39m)}}[33m,[39m__internal[33m:[39me[33m=>
[39m{[36mif[39m([33m![39me)[36mreturn[39m[33m;[39m[36mlet[39m t[33m=[39m[[32m"debug"[39m[33m,[39m[32m"
engine"[39m[33m,[39m[32m"configOverride"[39m][33m;[39m[36mif[39m([36mtypeof[39m 
e[33m!=[39m[32m"object"[39m)[36mthrow[39m [36mnew[39m v([32m`Invalid value ${JSON.stringify(e)} for 
"__internal" to PrismaClient constructor`[39m)[33m;[39m[36mfor[39m([36mlet[39m[r][36mof[39m 
[33mObject[39m[33m.[39mentries(e))[36mif[39m([33m![39mt[33m.[39mincludes(r)){[36mlet[39m 
n[33m=[39m[33mNt[39m(r[33m,[39mt)[33m;[39m[36mthrow[39m [36mnew[39m v([32m`Invalid property 
${JSON.stringify(r)} for "__internal" provided to PrismaClient constructor.${n}`[39m)}}}[33m;[39m[36mfunction[39m 
kd(e){[36mlet[39m t[33m=[39me[33m.[39madapter[33m!==[39m[36mvoid[39m 
[35m0[39m[33m,[39mr[33m=[39me[33m.[39maccelerateUrl[33m!==[39m[36mvoid[39m 
[35m0[39m[33m;[39m[36mif[39m(t[33m&&[39mr)[36mthrow[39m [36mnew[39m v([32m'The "adapter" and 
"accelerateUrl" options are mutually exclusive. Please provide only one of 
them.'[39m)[33m;[39m[36mif[39m([33m![39mt[33m&&[39m[33m![39mr)[36mthrow[39m [36mnew[39m v([32m'Using 
engine type "client" requires either "adapter" or "accelerateUrl" to be provided to PrismaClient 
constructor.'[39m)}[36mfunction[39m al(e[33m,[39mt){[36mfor[39m([36mlet[39m[r[33m,[39mn][36mof[39m 
[33mObject[39m[33m.[39mentries(e)){[36mif[39m([33m![39mrl[33m.[39mincludes(r)){[36mlet[39m 
i[33m=[39m[33mNt[39m(r[33m,[39mrl)[33m;[39m[36mthrow[39m [36mnew[39m v([32m`Unknown property ${r} 
provided to PrismaClient constructor.${i}`[39m)}[33mRd[39m[r](n[33m,[39mt)}kd(e)}[36mfunction[39m 
[33mNt[39m(e[33m,[39mt){[36mif[39m(t[33m.[39mlength[33m===[39m[35m0[39m[33m||[39m[36mtypeof[39m 
e[33m!=[39m[32m"string"[39m)[36mreturn[39m[32m""[39m[33m;[39m[36mlet[39m 
r[33m=[39m[33mOd[39m(e[33m,[39mt)[33m;[39m[36mreturn[39m r[33m?[39m[32m` Did you mean 
"${r}"?`[39m[33m:[39m[32m""[39m}[36mfunction[39m 
[33mOd[39m(e[33m,[39mt){[36mif[39m(t[33m.[39mlength[33m===[39m[35m0[39m)[36mreturn[39m 
[36mnull[39m[33m;[39m[36mlet[39m r[33m=[39mt[33m.[39mmap(i[33m=>[39m({value[33m:[39mi[33m,[39mdistance
[33m:[39m([35m0[39m[33m,[39msl[33m.[39m[36mdefault[39m)(e[33m,[39mi)}))[33m;[39mr[33m.[39msort((i[33m,
[39mo)[33m=>[39mi[33m.[39mdistance[33m<[39m[33mo[39m[33m.[39mdistance[33m?[39m[33m-[39m[35m1[39m[33m:
[39m[35m1[39m)[33m;[39m[36mlet[39m n[33m=[39mr[[35m0[39m][33m;[39m[36mreturn[39m 
n[33m.[39mdistance[33m<[39m[35m3[39m[33m?[39mn[33m.[39mvalue[33m:[39m[36mnull[39m}[36mfunction[39m 
[33mId[39m(e[33m,[39mt){[36mreturn[39m 
ol(t[33m.[39mmodels[33m,[39me)[33m?[39m[33m?[39mol(t[33m.[39mtypes[33m,[39me)}[36mfunction[39m 
ol(e[33m,[39mt){[36mlet[39m r[33m=[39m[33mObject[39m[33m.[39mkeys(e)[33m.[39mfind(n[33m=>[39mie(n)[33m==
=[39mt)[33m;[39m[36mif[39m(r)[36mreturn[39m e[r]}[36mfunction[39m [33mFd[39m(e[33m,[39mt){[36mlet[39m 
r[33m=[39m[33mNe[39m(e)[33m;[39m[36mfor[39m([36mlet[39m o [36mof[39m t)[36mswitch[39m(o[33m.[39mkind){
[36mcase[39m[32m"UnknownModel"[39m[33m:[39mr[33m.[39marguments[33m.[39mgetField(o[33m.[39mmodelKey)[33m?[3
9m[33m.[39mmarkAsError()[33m,[39mr[33m.[39maddErrorMessage(()[33m=>[39m[32m`Unknown model name: ${o.modelKey}.
`[39m)[33m;[39m[36mbreak[39m[33m;[39m[36mcase[39m[32m"UnknownField"[39m[33m:[39mr[33m.[39marguments[33m
.[39mgetDeepField([o[33m.[39mmodelKey[33m,[39mo[33m.[39mfieldName])[33m?[39m[33m.[39mmarkAsError()[33m,[39
mr[33m.[39maddErrorMessage(()[33m=>[39m[32m`Model "${o.modelKey}" does not have a field named "${o.fieldName}".`[
39m)[33m;[39m[36mbreak[39m[33m;[39m[36mcase[39m[32m"RelationInOmit"[39m[33m:[39mr[33m.[39marguments[33m.
[39mgetDeepField([o[33m.[39mmodelKey[33m,[39mo[33m.[39mfieldName])[33m?[39m[33m.[39mmarkAsError()[33m,[39m
r[33m.[39maddErrorMessage(()[33m=>[39m[32m'Relations are already excluded by default and can not be specified in "
omit".'[39m)[33m;[39m[36mbreak[39m[33m;[39m[36mcase[39m[32m"InvalidFieldValue"[39m[33m:[39mr[33m.[39marg
uments[33m.[39mgetDeepFieldValue([o[33m.[39mmodelKey[33m,[39mo[33m.[39mfieldName])[33m?[39m[33m.[39mmarkAsE
rror()[33m,[39mr[33m.[39maddErrorMessage(()[33m=>[39m[32m"Omit field option value must be a boolean."[39m)[33m
;[39m[36mbreak[39m}[36mlet[39m{message[33m:[39mn[33m,[39margs[33m:[39mi}[33m=[39mer(r[33m,[39m[32m"colo
rless"[39m)[33m;[39m[36mreturn[39m[32m`Error validating "omit" option:[39m
     [90m 71 |[39m [32m[39m
     [90m 72 |[39m [32m${i}[39m[0m

      at qr.handleRequestError (generated/prisma/runtime/client.js:69:8172)
      at qr.handleAndLogRequestError (generated/prisma/runtime/client.js:69:7467)
      at qr.request (generated/prisma/runtime/client.js:69:7174)
      at a (generated/prisma/runtime/client.js:79:5816)
      at Object.<anonymous> (__tests__/controllers/ProductController.test.ts:49:9)

Test Suites: 1 failed, 1 total
Tests:       8 failed, 8 total
Snapshots:   0 total
Time:        2.534 s
Ran all test suites matching __tests__/controllers/ProductController.test.ts.
